<?xml version='1.0' encoding='utf-8'?>
<testsuites tests="4" failures="0" errors="0" skipped="0"><testsuite name="GameGUITouch"><testcase classname="GameGUITouch" name="actual gameplay touch; toroidal pan; preview; confirmation; validation; cancellation and duplicate suppression [display][artifacts][writes-preferences]" time="47.4215" status="run" />
  <testcase classname="GameGUITouch" name="scaled gameplay dialog input is translated once [display]" time="1.47371" status="run" />
  <testcase classname="GameGUITouch" name="touch scroll momentum on the map; the HUD palette and the editor [display]" time="2.67234" status="run" />
  <testcase classname="GameGUITouch" name="unit taps have a zoom independent halo and show unit stats [display][artifacts]" time="3.29424" status="run" />
  </testsuite></testsuites>