GLOB2_TEST_BUILD compiler=15.2.0 platform=Linux pointer_bits=64
GLOB2_TEST_PROVENANCE {"compiler": "g++", "dirty": true, "flags": {"CCFLAGS": "", "CPPDEFINES": "GLOB2_OFFICIAL_INSTANCE_ORIGIN \\\"https://app.glob2online.com\\\" GLOB2_OFFICIAL_INSTANCE_FORMER_ORIGINS \\\"https://glob2online.com\\\" HAVE_CONFIG_H SDL_MAIN_HANDLED", "CXXFLAGS": "-g -std=gnu++20 -Wall -fPIC", "LINKFLAGS": "-g -Wl,-rpath,$ORIGIN/../lib/glob2 -Wall -Wl,-rpath,/home/bradley/.codex/worktrees/repair-tls-rejection-fixture/glob2/build/sdl3-ci/prefix/lib -Wl,--enable-new-dtags"}, "revision": "9f8fe35373244553ea3f4883fbe03983aacc9c77", "sourceStatus": [" M src/engine/EngineSessionHarness.cpp", "?? build-software-terrain/"], "sourceTreeSha256": "a6b17e22a55d0d5c78730fea13c4199bc65720ec7dda9f1fc5153507e8c1909d"}
[doctest] doctest version is "2.4.11"
[doctest] run with "--help" for options
Settings::load("preferences.txt") : error, can't open file.
===============================================================================
[doctest] test cases:  1 |  1 passed | 0 failed | 1397 skipped
[doctest] assertions: 97 | 97 passed | 0 failed |
[doctest] Status: SUCCESS!
